[
  {
    "timestamp": "2025-05-16T23:21:07.579Z",
    "cpu": "%Cpu(s):  6.9 us,  2.8 sy,  0.0 ni, 88.1 id,  0.9 wa,  0.9 hi,  0.5 si,  0.0 st",
    "mem": "Mem:           31389        7285       20525         194        4229       24104",
    "disk": "/dev/nvme0n1p2  456G   15G  418G   4% /"
  },
  {
    "timestamp": "2025-05-16T23:21:26.364Z",
    "cpu": "%Cpu(s):  6.7 us,  3.3 sy,  0.0 ni, 88.9 id,  0.0 wa,  1.1 hi,  0.0 si,  0.0 st",
    "mem": "Mem:           31389        7286       20524         202        4237       24103",
    "disk": "/dev/nvme0n1p2  456G   15G  418G   4% /"
  },
  {
    "timestamp": "2025-05-16T23:22:37.690Z",
    "cpu": "%Cpu(s):  8.3 us,  2.2 sy,  0.0 ni, 88.4 id,  0.0 wa,  1.1 hi,  0.0 si,  0.0 st",
    "mem": "Mem:           31389        7315       20494         216        4251       24074",
    "disk": "/dev/nvme0n1p2  456G   15G  418G   4% /"
  },
  {
    "timestamp": "5/16/2025, 7:27:53 PM",
    "cpu": "%Cpu(s):  0.6 us,  1.1 sy,  0.0 ni, 98.3 id,  0.0 wa,  0.0 hi,  0.0 si,  0.0 st",
    "mem": "Mem:           31389        7347       20456         172        4213       24042",
    "disk": "/dev/nvme0n1p2  456G   15G  418G   4% /"
  },
  {
    "timestamp": "5/16/2025, 7:28:21 PM",
    "cpu": "%Cpu(s):  0.6 us,  1.1 sy,  0.0 ni, 98.3 id,  0.0 wa,  0.0 hi,  0.0 si,  0.0 st",
    "mem": "Mem:           31389        7328       20475         177        4219       24061",
    "disk": "/dev/nvme0n1p2  456G   15G  418G   4% /"
  },
  {
    "timestamp": "5/17/2025, 1:05:20 PM",
    "cpu": "%Cpu(s):  0.0 us,  0.5 sy,  0.0 ni, 99.5 id,  0.0 wa,  0.0 hi,  0.0 si,  0.0 st",
    "mem": "Mem:           31389        9260        7359         368       15606       22129",
    "disk": "/dev/nvme0n1p2  456G   58G  375G  14% /"
  },
  {
    "timestamp": "5/17/2025, 1:06:21 PM",
    "cpu": "%Cpu(s):  0.0 us,  0.6 sy,  0.0 ni, 99.4 id,  0.0 wa,  0.0 hi,  0.0 si,  0.0 st",
    "mem": "Mem:           31389        9264        7356         369       15606       22125",
    "disk": "/dev/nvme0n1p2  456G   58G  375G  14% /"
  }
]